{"event": "start", "mode": "pilot", "precision": "bf16", "device": 0, "gpu": "NVIDIA A40", "free_gib": 44.16192626953125, "total_gib": 44.423828125, "torch": "2.14.0+cu130"}
{"event": "pilot_microbatch", "precision": "bf16", "step": 1, "index": 468, "tokens": 45081}
{"event": "pilot_microbatch", "precision": "bf16", "step": 1, "index": 270, "tokens": 31865}
{"event": "pilot_microbatch", "precision": "bf16", "step": 1, "index": 85, "tokens": 61920}
{"event": "pilot_microbatch", "precision": "bf16", "step": 1, "index": 422, "tokens": 34371}
{"event": "pilot_step", "precision": "bf16", "step": 1, "loss": 0.5257863998413086, "lr": 1e-05, "grad_norm": 5.125, "seconds": 112.65612853318453, "supervised_tokens": 66609, "peak_allocated_gib": 9.296882152557373, "peak_reserved_gib": 10.4453125}
{"event": "pilot_microbatch", "precision": "bf16", "step": 2, "index": 243, "tokens": 61178}
{"event": "pilot_microbatch", "precision": "bf16", "step": 2, "index": 434, "tokens": 49273}
{"event": "pilot_microbatch", "precision": "bf16", "step": 2, "index": 153, "tokens": 49740}
{"event": "pilot_microbatch", "precision": "bf16", "step": 2, "index": 512, "tokens": 51290}
{"event": "pilot_step", "precision": "bf16", "step": 2, "loss": 0.6824657320976257, "lr": 9.975124378109452e-06, "grad_norm": 5.6875, "seconds": 113.14930972829461, "supervised_tokens": 113740, "peak_allocated_gib": 11.272322177886963, "peak_reserved_gib": 12.0078125}
{"event": "pilot_microbatch", "precision": "bf16", "step": 3, "index": 465, "tokens": 18377}
{"event": "pilot_microbatch", "precision": "bf16", "step": 3, "index": 150, "tokens": 35756}
{"event": "pilot_microbatch", "precision": "bf16", "step": 3, "index": 93, "tokens": 50725}
{"event": "pilot_microbatch", "precision": "bf16", "step": 3, "index": 277, "tokens": 54814}
{"event": "pilot_step", "precision": "bf16", "step": 3, "loss": 0.49620646610856056, "lr": 9.950248756218906e-06, "grad_norm": 2.25, "seconds": 81.24187757447362, "supervised_tokens": 70265, "peak_allocated_gib": 11.559643745422363, "peak_reserved_gib": 12.0078125}
{"event": "pilot_microbatch", "precision": "bf16", "step": 4, "index": 352, "tokens": 58758}
{"event": "pilot_microbatch", "precision": "bf16", "step": 4, "index": 74, "tokens": 48599}
{"event": "pilot_microbatch", "precision": "bf16", "step": 4, "index": 42, "tokens": 41762}
{"event": "pilot_microbatch", "precision": "bf16", "step": 4, "index": 387, "tokens": 45475}
{"event": "pilot_step", "precision": "bf16", "step": 4, "loss": 0.4954579845070839, "lr": 9.925373134328359e-06, "grad_norm": 1.7265625, "seconds": 107.03922002390027, "supervised_tokens": 78555, "peak_allocated_gib": 11.688788414001465, "peak_reserved_gib": 12.41796875}
{"event": "pilot_complete", "precision": "bf16", "final_validation": [{"key": "ami/dev/IS1008a", "loss": 0.32480552792549133, "supervised_tokens": 5827}, {"key": "alimeeting/dev/R8009_M8018", "loss": 0.38536515831947327, "supervised_tokens": 19057}]}
